#-----------------------------------------------------------
# Vivado v2022.2 (64-bit)
# SW Build 3671981 on Fri Oct 14 04:59:54 MDT 2022
# IP Build 3669848 on Fri Oct 14 08:30:02 MDT 2022
# Start of session at: Tue Jun  9 19:51:33 2026
# Process ID: 335839
# Current directory: /home/soooarr/chipyard
# Command line: vivado -mode batch -source logs/radar_nexysvideo/runtime/xradar-dot4-2026-06-09/program-xradar-rocc-pipelined-75mhz-2026-06-09.tcl -journal logs/radar_nexysvideo/runtime/xradar-dot4-2026-06-09/program-xradar-rocc-pipelined-75mhz-2026-06-09.jou -log logs/radar_nexysvideo/runtime/xradar-dot4-2026-06-09/program-xradar-rocc-pipelined-75mhz-2026-06-09.log
# Log file: /home/soooarr/chipyard/logs/radar_nexysvideo/runtime/xradar-dot4-2026-06-09/program-xradar-rocc-pipelined-75mhz-2026-06-09.log
# Journal file: /home/soooarr/chipyard/logs/radar_nexysvideo/runtime/xradar-dot4-2026-06-09/program-xradar-rocc-pipelined-75mhz-2026-06-09.jou
# Running On: ubuntu, OS: Linux, CPU Frequency: 3696.011 MHz, CPU Physical cores: 16, Host memory: 16728 MB
#-----------------------------------------------------------
source logs/radar_nexysvideo/runtime/xradar-dot4-2026-06-09/program-xradar-rocc-pipelined-75mhz-2026-06-09.tcl
# open_hw_manager
open_hw_manager: Time (s): cpu = 00:00:05 ; elapsed = 00:00:05 . Memory (MB): peak = 1286.469 ; gain = 0.023 ; free physical = 7088 ; free virtual = 15590
# connect_hw_server
INFO: [Labtools 27-2285] Connecting to hw_server url TCP:localhost:3121
INFO: [Labtools 27-2222] Launching hw_server...
INFO: [Labtools 27-2221] Launch Output:

****** Xilinx hw_server v2022.2
  **** Build date : Oct 14 2022 at 05:10:28
    ** Copyright 1986-2022 Xilinx, Inc. All Rights Reserved.


INFO: [Labtools 27-3415] Connecting to cs_server url TCP:localhost:0
INFO: [Labtools 27-3417] Launching cs_server...
INFO: [Labtools 27-2221] Launch Output:


******** Xilinx cs_server v2022.2.0
  ****** Build date   : Oct 05 2022-07:25:37
    **** Build number : 2022.2.1664925937
      ** Copyright 2017-2026 Xilinx, Inc. All Rights Reserved.



# open_hw_target
INFO: [Labtoolstcl 44-466] Opening hw_target localhost:3121/xilinx_tcf/Digilent/210276689939
ERROR: [Labtools 27-2269] No devices detected on target localhost:3121/xilinx_tcf/Digilent/210276689939.
Check cable connectivity and that the target board is powered up then
use the disconnect_hw_server and connect_hw_server to re-register this hardware target.
ERROR: [Common 17-39] 'open_hw_target' failed due to earlier errors.

    while executing
"open_hw_target"
    (file "logs/radar_nexysvideo/runtime/xradar-dot4-2026-06-09/program-xradar-rocc-pipelined-75mhz-2026-06-09.tcl" line 3)
INFO: [Common 17-206] Exiting Vivado at Tue Jun  9 19:51:43 2026...
